[{"name":"BBC News HD","logo":"https://i.imgur.com/eNPIQ9f.png","url":"http://1111296894.rsc.cdn77.org/LS-ATL-54548-6/index.m3u8","categories":[{"name":"News","slug":"news"}],"countries":[{"name":"United Kingdom","code":"UK"}],"languages":[{"name":"English","code":"eng"}],"tvg":{"id":"BBCNews.uk","name":"BBC News HD","url":""}},{"name":"BBC News HD","logo":"https://i.imgur.com/eNPIQ9f.png","url":"http://1111296894.rsc.cdn77.org/LS-ATL-54548-6/playlist.m3u8","categories":[{"name":"News","slug":"news"}],"countries":[{"name":"United Kingdom","code":"UK"}],"languages":[{"name":"English","code":"eng"}],"tvg":{"id":"BBCNews.uk","name":"BBC News HD","url":""}},{"name":"Daawah TV","logo":"","url":"http://51.15.246.58:8081/daawahtv/daawahtv2/playlist.m3u8","categories":[],"countries":[],"languages":[],"tvg":{"id":"","name":"Daawah TV","url":""}},{"name":"Tastemade","logo":"","url":"https://tastemade-freetv16min-plex.amagi.tv/hls/amagi_hls_data_tastemade-tastemadefreetv16-plex/CDN/playlist.m3u8","categories":[{"name":"Cooking","slug":"cooking"}],"countries":[{"name":"Andorra","code":"AD"},{"name":"Russia","code":"RU"},{"name":"United Kingdom","code":"UK"}],"languages":[],"tvg":{"id":"","name":"Tastemade","url":""}},{"name":"Visit-X TV","logo":"","url":"https://stream.visit-x.tv/vxtv/ngrp:live_all/playlist.m3u8","categories":[{"name":"XXX","slug":"xxx"}],"countries":[],"languages":[],"tvg":{"id":"","name":"Visit-X TV","url":""}},{"name":"ЛДПР ТВ","logo":"https://iptvx.one/icn/ldpr-tv.png","url":"http://46.46.143.222:1935/live/mp4:ldpr.stream/playlist.m3u8","categories":[{"name":"General","slug":"general"},{"name":"Legislative","slug":"legislative"}],"countries":[{"name":"Russia","code":"RU"}],"languages":[{"name":"Russian","code":"rus"}],"tvg":{"id":"LDPRTV.ru","name":"ЛДПР ТВ","url":"https://iptv-org.github.io/epg/guides/ru/tv.yandex.ru.epg.xml"}}]